// Jest Snapshot v1, https://goo.gl/fbAQLP

exports[`Traffic component should render the Traffic section of the metric 1`] = `
{
  "asFragment": [Function],
  "baseElement": <body>
    <div>
      <div
        class="pf-v5-c-card"
        data-ouia-component-id="OUIA-Generated-Card-1"
        data-ouia-component-type="PF5/Card"
        data-ouia-safe="true"
        id=""
      >
        <div
          class="pf-v5-c-card__header"
        >
          <div
            class="pf-v5-c-card__header-toggle"
          >
            <button
              aria-disabled="false"
              class="pf-v5-c-button pf-m-plain"
              data-ouia-component-id="OUIA-Generated-Button-plain-1"
              data-ouia-component-type="PF5/Button"
              data-ouia-safe="true"
              type="button"
            >
              <span
                class="pf-v5-c-card__header-toggle-icon"
              >
                <svg
                  aria-hidden="true"
                  class="pf-v5-svg"
                  fill="currentColor"
                  height="1em"
                  role="img"
                  viewBox="0 0 256 512"
                  width="1em"
                >
                  <path
                    d="M224.3 273l-136 136c-9.4 9.4-24.6 9.4-33.9 0l-22.6-22.6c-9.4-9.4-9.4-24.6 0-33.9l96.4-96.4-96.4-96.4c-9.4-9.4-9.4-24.6 0-33.9L54.3 103c9.4-9.4 24.6-9.4 33.9 0l136 136c9.5 9.4 9.5 24.6.1 34z"
                  />
                </svg>
              </span>
            </button>
          </div>
          <div
            class="pf-v5-c-card__header-main"
          >
            <div
              class="pf-v5-c-card__title"
            >
              <div
                class="pf-v5-c-card__title-text"
              >
                Traffic
              </div>
            </div>
          </div>
        </div>
      </div>
    </div>
    <svg
      height="300"
      style="position: fixed; top: -9999px; left: -9999px;"
      viewBox="0 0 300 300"
      width="300"
      xlink="http://www.w3.org/1999/xlink"
    >
      <text />
    </svg>
  </body>,
  "container": <div>
    <div
      class="pf-v5-c-card"
      data-ouia-component-id="OUIA-Generated-Card-1"
      data-ouia-component-type="PF5/Card"
      data-ouia-safe="true"
      id=""
    >
      <div
        class="pf-v5-c-card__header"
      >
        <div
          class="pf-v5-c-card__header-toggle"
        >
          <button
            aria-disabled="false"
            class="pf-v5-c-button pf-m-plain"
            data-ouia-component-id="OUIA-Generated-Button-plain-1"
            data-ouia-component-type="PF5/Button"
            data-ouia-safe="true"
            type="button"
          >
            <span
              class="pf-v5-c-card__header-toggle-icon"
            >
              <svg
                aria-hidden="true"
                class="pf-v5-svg"
                fill="currentColor"
                height="1em"
                role="img"
                viewBox="0 0 256 512"
                width="1em"
              >
                <path
                  d="M224.3 273l-136 136c-9.4 9.4-24.6 9.4-33.9 0l-22.6-22.6c-9.4-9.4-9.4-24.6 0-33.9l96.4-96.4-96.4-96.4c-9.4-9.4-9.4-24.6 0-33.9L54.3 103c9.4-9.4 24.6-9.4 33.9 0l136 136c9.5 9.4 9.5 24.6.1 34z"
                />
              </svg>
            </span>
          </button>
        </div>
        <div
          class="pf-v5-c-card__header-main"
        >
          <div
            class="pf-v5-c-card__title"
          >
            <div
              class="pf-v5-c-card__title-text"
            >
              Traffic
            </div>
          </div>
        </div>
      </div>
    </div>
  </div>,
  "debug": [Function],
  "findAllByAltText": [Function],
  "findAllByDisplayValue": [Function],
  "findAllByLabelText": [Function],
  "findAllByPlaceholderText": [Function],
  "findAllByRole": [Function],
  "findAllByTestId": [Function],
  "findAllByText": [Function],
  "findAllByTitle": [Function],
  "findByAltText": [Function],
  "findByDisplayValue": [Function],
  "findByLabelText": [Function],
  "findByPlaceholderText": [Function],
  "findByRole": [Function],
  "findByTestId": [Function],
  "findByText": [Function],
  "findByTitle": [Function],
  "getAllByAltText": [Function],
  "getAllByDisplayValue": [Function],
  "getAllByLabelText": [Function],
  "getAllByPlaceholderText": [Function],
  "getAllByRole": [Function],
  "getAllByTestId": [Function],
  "getAllByText": [Function],
  "getAllByTitle": [Function],
  "getByAltText": [Function],
  "getByDisplayValue": [Function],
  "getByLabelText": [Function],
  "getByPlaceholderText": [Function],
  "getByRole": [Function],
  "getByTestId": [Function],
  "getByText": [Function],
  "getByTitle": [Function],
  "queryAllByAltText": [Function],
  "queryAllByDisplayValue": [Function],
  "queryAllByLabelText": [Function],
  "queryAllByPlaceholderText": [Function],
  "queryAllByRole": [Function],
  "queryAllByTestId": [Function],
  "queryAllByText": [Function],
  "queryAllByTitle": [Function],
  "queryByAltText": [Function],
  "queryByDisplayValue": [Function],
  "queryByLabelText": [Function],
  "queryByPlaceholderText": [Function],
  "queryByRole": [Function],
  "queryByTestId": [Function],
  "queryByText": [Function],
  "queryByTitle": [Function],
  "rerender": [Function],
  "unmount": [Function],
}
`;
